// Jest Snapshot v1, https://goo.gl/fbAQLP

exports[`SimpleWidget renders correctly 1`] = `
Array [
  <h2>
    Hello there:
  </h2>,
  <h3>
    User
  </h3>,
]
`;
